// Jest Snapshot v1, https://goo.gl/fbAQLP

exports[`DownloadMedicalRecords tests renders DownloadMedicalRecords correctly 1`] = `
<DocumentFragment>
  <div
    class="md:px-12 xl:px-48 without-default-padding pt-4 xl:pt-16"
  >
    <div
      class="md:whitespace-pre md:h-24 my-1 md:pb-10 w-full items-center"
    >
      <h4>
        external_access.download_medical_records.title
      </h4>
    </div>
    <div
      class="pt-10 pb-6 xl:pt-2 xl:pb-10"
    >
      external_access.download_medical_records.verify_desc
    </div>
    <div>
      <form>
        <div
          class="pb-6"
        >
          <div
            class="flex flex-col h-20 input-group"
          >
            <div
              class="input-group-container flex flex-wrap items-stretch w-full relative  w-full md:w-88"
            >
              <input
                autocomplete="off"
                class="flex-1 flex-auto flex-grow flex-shrink w-px pt-6 pl-4 leading-normal body2 h-14 input-date-mask date-label-mask"
                placeholder=""
                spellcheck="false"
                type="tel"
                value=""
              />
              <label
                class="absolute truncate required body2 "
              >
                external_access.download_medical_records.date_of_birth
              </label>
            </div>
            <div
              class="h-6 pl-4 body3 pt-1 truncate "
            >
              mm/dd/yyyy
            </div>
          </div>
          <div
            class="flex flex-col h-20 input-group"
          >
            <div
              class="input-group-container flex flex-wrap items-stretch w-full relative  w-full md:w-88"
            >
              <input
                autocomplete="off"
                class=" pt-6 body2 h-14 flex-shrink flex-grow flex-auto leading-normal w-px flex-1 input-date-mask pl-4"
                data-test-id="phoneNumber"
                data-testid="phoneNumber"
                name="phoneNumber"
                placeholder=""
                required=""
                type="tel"
                value=""
              />
              <label
                class="absolute truncate required body2 "
              >
                external_access.download_medical_records.mobile_phone_number
              </label>
            </div>
          </div>
          <div
            class="flex flex-col h-20 input-group"
          >
            <div
              class="input-group-container flex flex-wrap items-stretch w-full relative  w-full md:w-88"
            >
              <input
                autocomplete="off"
                class=" pt-6 body2 h-14 flex-shrink flex-grow flex-auto leading-normal w-px flex-1 input-date-mask pl-4"
                data-test-id="zip"
                data-testid="zip"
                maxlength="5"
                name="zip"
                placeholder=""
                required=""
                type="zip"
                value=""
              />
              <label
                class="absolute truncate required body2 "
              >
                external_access.download_medical_records.zip_code
              </label>
            </div>
          </div>
        </div>
        <div
          class="pb-2 flex justify-start"
        >
          <div>
            <div
              class="body2 pb-4"
            >
              <div>
                external_access.download_medical_records.disclaimer
              </div>
              <ul
                class="pl-4 py-2 list-disc"
              >
                <li>
                  external_access.download_medical_records.disclaimer_bullet_1
                </li>
                <li>
                  external_access.download_medical_records.disclaimer_bullet_2
                </li>
                <li>
                  external_access.download_medical_records.disclaimer_bullet_3
                </li>
              </ul>
              <div>
                external_access.download_medical_records.disclaimer_desc
              </div>
            </div>
            <button
              class="big-button w-full md:w-auto"
              data-test-id="submit-button"
              disabled=""
              type="submit"
            >
              <div
                class="flex flex-row justify-center items-center space-x-2"
              >
                <div>
                  external_access.download_medical_records.download
                </div>
              </div>
            </button>
          </div>
        </div>
      </form>
    </div>
    <div
      class="flex items-center justify-center m-auto justify-self-center"
    />
  </div>
</DocumentFragment>
`;
