// Jest Snapshot v1, https://goo.gl/fbAQLP

exports[`RequestMedicalRecords tests renders RequestMedicalRecords correctly 1`] = `
<DocumentFragment>
  <div
    class="flex flex-col"
  >
    <div>
      <h4>
        external_access.medical_records_request.title
      </h4>
    </div>
    <div
      class="pt-9"
    >
      external_access.medical_records_request.subtitle
    </div>
    <div
      class="pt-8 subtitle"
    >
      external_access.medical_records_request.select_time_header
    </div>
    <div
      class="pt-5"
    >
      <div
        class=""
      >
        <div
          class="radio h-9 "
        >
          <input
            checked=""
            data-testid="time_selection_1"
            id="time_selection_1"
            name="time_selection"
            type="radio"
            value="1"
          />
          <label
            class="body2  "
            for="time_selection_1"
          >
            <div
              class="truncate relative w-full h-full inline-block"
            >
              <span
                class="body2"
              >
                external_access.medical_records_request.all_time
              </span>
            </div>
          </label>
        </div>
        <div
          class="radio h-9 "
        >
          <input
            data-testid="time_selection_2"
            id="time_selection_2"
            name="time_selection"
            type="radio"
            value="2"
          />
          <label
            class="body2  "
            for="time_selection_2"
          >
            <div
              class="truncate relative w-full h-full inline-block"
            >
              <span
                class="body2"
              >
                external_access.medical_records_request.select_date_range
              </span>
            </div>
          </label>
        </div>
      </div>
    </div>
    <form>
      <div
        class="flex flex-col bg-white w-80 px-4 pt-4"
      >
        <div
          class="date-time-picker w-full flex flex-col h-20 relative"
        >
          <div
            class="date-time-picker-container flex flex-wrap relative"
          >
            <input
              autocomplete="off"
              class="relative truncate flex-shrink flex-grow flex-auto leading-normal w-px pl-4 body2 input-pt h-14 activated cursor-pointer"
              data-testid="startDate"
              max="2022-10-27"
              min="0001-01-01"
              name="startDate"
              readonly=""
              type="text"
              value="Tue, Sep 27 2022"
            />
            <label
              class="absolute truncate"
            >
              <span
                class="label-span body3"
              >
                external_access.medical_records_request.start_date
              </span>
              <span
                class="text-danger"
              >
                *
              </span>
            </label>
            <div
              class="input-addon px-3 pt-4"
              role="button"
            >
              <div
                class=""
              >
                <svg
                  class="icon-medium "
                  height="24"
                  viewBox="0 0 24 24"
                  width="24"
                  xmlns="http://www.w3.org/2000/svg"
                >
                  <rect
                    fill="none"
                    height="24"
                    width="24"
                  />
                  <path
                    class="date-time-picker-arrow"
                    d="M7,14l1.273-1.273L2.545,7,8.273,1.273,7,0,0,7Z"
                    transform="translate(5 16.273) rotate(-90)"
                  />
                </svg>
              </div>
            </div>
          </div>
        </div>
        <div
          class="date-time-picker w-full flex flex-col h-20 relative"
        >
          <div
            class="date-time-picker-container flex flex-wrap relative"
          >
            <input
              autocomplete="off"
              class="relative truncate flex-shrink flex-grow flex-auto leading-normal w-px pl-4 body2 input-pt h-14 activated cursor-pointer"
              data-testid="endDate"
              max="2022-10-27"
              min="2022-09-27"
              name="endDate"
              readonly=""
              type="text"
              value="Thu, Oct 27 2022"
            />
            <label
              class="absolute truncate"
            >
              <span
                class="label-span body3"
              >
                external_access.medical_records_request.end_date
              </span>
              <span
                class="text-danger"
              >
                *
              </span>
            </label>
            <div
              class="input-addon px-3 pt-4"
              role="button"
            >
              <div
                class=""
              >
                <svg
                  class="icon-medium "
                  height="24"
                  viewBox="0 0 24 24"
                  width="24"
                  xmlns="http://www.w3.org/2000/svg"
                >
                  <rect
                    fill="none"
                    height="24"
                    width="24"
                  />
                  <path
                    class="date-time-picker-arrow"
                    d="M7,14l1.273-1.273L2.545,7,8.273,1.273,7,0,0,7Z"
                    transform="translate(5 16.273) rotate(-90)"
                  />
                </svg>
              </div>
            </div>
          </div>
        </div>
      </div>
    </form>
    <div
      class="pt-9 subtitle"
    >
      external_access.medical_records_request.select_what_to_do
    </div>
    <div
      class="pt-7 xl:w-2/5"
    >
      <div>
        <div
          class="flex flex-row  border-b"
        >
          <div
            class="tab-title px-7 pb-2 cursor-pointer pt-2 border-b-2 border-primary subtitle2"
          >
            external_access.medical_records_request.download_tab_header
          </div>
          <div
            class="tab-title px-7 pb-2 cursor-pointer pt-2 body2"
          >
            external_access.medical_records_request.share_tab_header
          </div>
        </div>
        <div>
          <div
            class="pt-8"
          >
            <div
              class="body2"
            >
              external_access.medical_records_request.download_disclaimer
            </div>
            <div
              class="body2 pt-4"
            >
              external_access.medical_records_request.download_warning
            </div>
            <div
              class="body2 py-4"
            >
              external_access.medical_records_request.download_info
            </div>
            <div
              class="flex flex-row pt-6 space-x-6"
            >
              <button
                class="secondary-big-button"
                type="button"
              >
                <div
                  class="flex flex-row justify-center items-center space-x-2"
                >
                  <div>
                    external_access.medical_records_request.preview_button_title
                  </div>
                </div>
              </button>
              <button
                class="big-button"
                type="button"
              >
                <div
                  class="flex flex-row justify-center items-center space-x-2"
                >
                  <div>
                    external_access.medical_records_request.download_button_title
                  </div>
                </div>
              </button>
            </div>
            <div
              class="body2 pt-6"
            >
              external_access.medical_records_request.disable_popups
            </div>
          </div>
        </div>
      </div>
    </div>
    <div
      class="flex items-center justify-center m-auto justify-self-center"
    />
  </div>
</DocumentFragment>
`;
