// Jest Snapshot v1, https://goo.gl/fbAQLP

exports[`Request Refill Confirmation tests renders Request Refill Confirmation correctly 1`] = `
<DocumentFragment>
  <div
    class="2xl:px-48 pt-7 without-default-padding"
  >
    <a
      href="/o/view-medications"
    >
      <div
        class="flex flex-row pb-5 cursor-pointer"
      >
        <div
          class=""
        >
          <svg
            class="icon-medium "
            height="24"
            viewBox="0 0 24 24"
            width="24"
            xmlns="http://www.w3.org/2000/svg"
          >
            <rect
              fill="none"
              height="24"
              width="24"
            />
            <path
              class="fill-default"
              d="M-1.408,10.085H-19.121l5.32,5.052a1.324,1.324,0,0,1,.419.96,1.324,1.324,0,0,1-.419.96,1.468,1.468,0,0,1-1.01.4,1.468,1.468,0,0,1-1.01-.4l-7.76-7.37a1.311,1.311,0,0,1,0-1.92L-15.822.4A1.463,1.463,0,0,1-14.811,0,1.462,1.462,0,0,1-13.8.4a1.324,1.324,0,0,1,.419.96,1.324,1.324,0,0,1-.419.96l-5.32,5.053H-1.408A1.394,1.394,0,0,1,0,8.727,1.394,1.394,0,0,1-1.408,10.085Z"
              transform="translate(24 3)"
            />
          </svg>
        </div>
        <div
          class="body2 pl-4"
        >
          external_access.medication_refill.back_to_medications
        </div>
      </div>
    </a>
    <div
      class="2xl:whitespace-pre 2xl:h-12 2xl:my-3 flex w-full items-center"
    >
      <h4>
        external_access.medication_refill.refill_request_sent
      </h4>
    </div>
    <div
      class="pt-9 pb-8"
    >
      external_access.medication_refill.refill_request_sent_details
    </div>
    <div
      class="flex items-center justify-center m-auto justify-self-center"
    >
      <div
        class="flex items-center justify-center w-full h-full"
      >
        <div />
      </div>
    </div>
  </div>
</DocumentFragment>
`;
