// Jest Snapshot v1, https://goo.gl/fbAQLP

exports[`NotAuthorized tests renders NotAuthorized correctly 1`] = `<DocumentFragment />`;
