// Jest Snapshot v1, https://goo.gl/fbAQLP

exports[`Table Row tests renders table-row correctly 1`] = `
<DocumentFragment>
  <div
    class="flex flex-row"
  >
    <h2>
      Test
    </h2>
  </div>
</DocumentFragment>
`;
