// Jest Snapshot v1, https://goo.gl/fbAQLP

exports[`ContactNoteItem tests renders ContactNoteItem return correctly 1`] = `
<DocumentFragment>
  <div
    class="flex flex-col contact-note border-b"
  >
    <div
      class="flex justify-between pt-5 pb-1"
    >
      <div>
        <span
          class="body3-medium"
        >
          Sep 22, 2022
        </span>
        <span
          class="body3-medium ml-4"
        >
          3:00 am
        </span>
      </div>
      <span
        class="body3 note-created-by pr-6"
      />
    </div>
    <div
      class="body2 text-justify pr-6 pb-5 whitespace-pre-line"
    />
  </div>
</DocumentFragment>
`;
