// Jest Snapshot v1, https://goo.gl/fbAQLP

exports[`ContactSubheaderQuickActions tests renders ContactSubheaderQuickActions return correctly 1`] = `
<DocumentFragment>
  <div
    class="flex justify-center pt-5"
  >
    <span
      class="pr-3 "
    >
      <div
        class=""
      >
        <svg
          class="icon-x-large "
          height="48"
          viewBox="0 0 48 48"
          width="48"
          xmlns="http://www.w3.org/2000/svg"
        >
          <rect
            fill="none"
            height="48"
            width="48"
          />
          <g
            class="contact-stroke-color"
            fill="none"
            transform="translate(4 4)"
          >
            <circle
              cx="20"
              cy="20"
              r="20"
              stroke="none"
            />
            <circle
              cx="20"
              cy="20"
              fill="none"
              r="19.5"
            />
          </g>
          <path
            class="rgba-025-fill"
            d="M17.978.886,14.187.011a.881.881,0,0,0-1,.507L11.434,4.6a.873.873,0,0,0,.252,1.021l2.209,1.808a13.512,13.512,0,0,1-6.46,6.46L5.626,11.682a.874.874,0,0,0-1.021-.252L.522,13.18a.885.885,0,0,0-.51,1.006l.875,3.792a.875.875,0,0,0,.853.678A16.914,16.914,0,0,0,18.656,1.74.874.874,0,0,0,17.978.886Z"
            transform="translate(14.677 14.677)"
          />
        </svg>
      </div>
    </span>
    <div
      class="flex items-center"
    >
      <div
        class="flex flex-row"
      >
        <div
          class="contact-phone-type-disabled"
        >
          contacts.contact_details.individual.phone_types.1
        </div>
        <div
          class="pl-1.5"
        >
          <div
            class=""
          >
            <svg
              class="icon-medium "
              height="24"
              viewBox="0 0 24 24"
              width="24"
              xmlns="http://www.w3.org/2000/svg"
            >
              <rect
                fill="none"
                height="24"
                width="24"
              />
              <path
                class="rgba-025-fill"
                d="M7,14l1.273-1.273L2.545,7,8.273,1.273,7,0,0,7Z"
                transform="translate(5 16.273) rotate(-90)"
              />
            </svg>
          </div>
        </div>
      </div>
    </div>
    <span
      class="pl-10 pr-8"
    >
      <a
        class="disabled-link"
        href="#"
      >
        <div
          class=""
        >
          <svg
            class="icon-x-large fill-default"
            height="48"
            viewBox="0 0 48 48"
            width="48"
            xmlns="http://www.w3.org/2000/svg"
          >
            <rect
              fill="none"
              height="48"
              width="48"
            />
            <g
              class="contact-stroke-color"
              fill="none"
              transform="translate(4 4)"
            >
              <circle
                cx="20"
                cy="20"
                r="20"
                stroke="none"
              />
              <circle
                cx="20"
                cy="20"
                fill="none"
                r="19.5"
              />
            </g>
            <g
              transform="translate(12.08 12)"
            >
              <rect
                fill="none"
                height="24"
                transform="translate(-0.08)"
                width="24"
              />
              <path
                class="rgba-025-fill"
                d="M10.625,0H1.875A1.875,1.875,0,0,0,0,1.875v16.25A1.875,1.875,0,0,0,1.875,20h8.75A1.875,1.875,0,0,0,12.5,18.125V1.875A1.875,1.875,0,0,0,10.625,0ZM6.25,18.75A1.25,1.25,0,1,1,7.5,17.5,1.249,1.249,0,0,1,6.25,18.75Zm4.375-4.219a.47.47,0,0,1-.469.469H2.344a.47.47,0,0,1-.469-.469V2.344a.47.47,0,0,1,.469-.469h7.812a.47.47,0,0,1,.469.469Z"
                transform="translate(6 2)"
              />
            </g>
          </svg>
        </div>
      </a>
    </span>
    <span
      class="pr-8"
    >
      <a
        class="disabled-link"
        href="#"
      >
        <div
          class=""
        >
          <svg
            class="icon-x-large fill-default"
            height="48"
            viewBox="0 0 48 48"
            width="48"
            xmlns="http://www.w3.org/2000/svg"
          >
            <rect
              fill="none"
              height="48"
              width="48"
            />
            <g
              class="contact-stroke-color"
              fill="none"
              transform="translate(4 4)"
            >
              <circle
                cx="20"
                cy="20"
                r="20"
                stroke="none"
              />
              <circle
                cx="20"
                cy="20"
                fill="none"
                r="19.5"
              />
            </g>
            <g
              transform="translate(12.334 12)"
            >
              <rect
                fill="none"
                height="24"
                transform="translate(-0.334)"
                width="24"
              />
              <path
                class="rgba-025-fill"
                d="M18.125,64H1.875A1.875,1.875,0,0,0,0,65.875v11.25A1.875,1.875,0,0,0,1.875,79h16.25A1.875,1.875,0,0,0,20,77.125V65.875A1.875,1.875,0,0,0,18.125,64Zm0,1.875v1.594c-.876.713-2.272,1.822-5.257,4.16-.658.517-1.961,1.761-2.868,1.746-.907.015-2.21-1.229-2.868-1.746-2.985-2.337-4.381-3.446-5.257-4.16V65.875ZM1.875,77.125v-7.25c.9.713,2.164,1.713,4.1,3.228.854.672,2.349,2.156,4.026,2.147,1.669.009,3.145-1.453,4.026-2.146,1.935-1.515,3.2-2.516,4.1-3.229v7.25Z"
                transform="translate(2 -59)"
              />
            </g>
          </svg>
        </div>
      </a>
    </span>
    <span
      class="pr-8 cursor-pointer"
    >
      <div
        class=""
      >
        <svg
          class="icon-x-large "
          height="48"
          viewBox="0 0 48 48"
          width="48"
          xmlns="http://www.w3.org/2000/svg"
        >
          <rect
            fill="none"
            height="48"
            width="48"
          />
          <g
            class="contact-stroke-color"
            fill="none"
            transform="translate(4 4)"
          >
            <circle
              cx="20"
              cy="20"
              r="20"
              stroke="none"
            />
            <circle
              cx="20"
              cy="20"
              fill="none"
              r="19.5"
            />
          </g>
          <g
            transform="translate(12.08 12)"
          >
            <rect
              fill="none"
              height="24"
              transform="translate(-0.08)"
              width="24"
            />
            <path
              class="contact-subheader-quick-action-color"
              d="M3,15.665V19H6.333l9.83-9.83L12.83,5.835ZM18.74,6.59a.885.885,0,0,0,0-1.253l-2.08-2.08a.885.885,0,0,0-1.253,0L13.781,4.884l3.333,3.333L18.74,6.59Z"
              transform="translate(1 1)"
            />
          </g>
        </svg>
      </div>
    </span>
    <span
      class="pr-8 cursor-pointer"
    >
      <div
        class=""
      >
        <svg
          class="icon-x-large "
          height="48"
          viewBox="0 0 48 48"
          width="48"
          xmlns="http://www.w3.org/2000/svg"
        >
          <rect
            fill="none"
            height="48"
            width="48"
          />
          <g
            class="contact-stroke-color"
            fill="none"
            transform="translate(4 4)"
          >
            <circle
              cx="20"
              cy="20"
              r="20"
              stroke="none"
            />
            <circle
              cx="20"
              cy="20"
              fill="none"
              r="19.5"
            />
          </g>
          <g
            transform="translate(12.08 12)"
          >
            <rect
              fill="none"
              height="24"
              transform="translate(-0.08)"
              width="24"
            />
            <path
              class="contact-subheader-quick-action-color"
              d="M6,19a2.006,2.006,0,0,0,2,2h8a2.006,2.006,0,0,0,2-2V7H6ZM19,4H15.5l-1-1h-5l-1,1H5V6H19Z"
            />
          </g>
        </svg>
      </div>
    </span>
  </div>
</DocumentFragment>
`;
