// Jest Snapshot v1, https://goo.gl/fbAQLP

exports[`BulkAdd tests renders BulkAdd correctly 1`] = `
<DocumentFragment>
  <div
    class="flex flex-auto h-full"
  >
    <div
      class="hidden"
    >
      <div
        class="pt-4 px-6 flex flex-col"
      >
        <div
          class="flex justify-between h-14 items-center pb-2"
        >
          <div
            class="subtitle"
          >
            users.filters.title
          </div>
          <div
            class="body2 cursor-pointer"
            data-testid="apply"
          >
            users.filters.apply
          </div>
          <div
            class="body2 cursor-pointer"
            data-testid="clear"
          >
            users.filters.clear_all
          </div>
        </div>
        <form>
          <div>
            <div
              class="cursor-pointer flex flex-row justify-between items-center h-12"
            >
              <div
                class="subtitle"
              >
                users.filters.department
              </div>
              <div>
                <div
                  class=""
                >
                  <svg
                    class="cursor-pointer "
                    height="24"
                    viewBox="0 0 24 24"
                    width="24"
                    xmlns="http://www.w3.org/2000/svg"
                  >
                    <rect
                      fill="none"
                      height="24"
                      width="24"
                    />
                    <path
                      class="active-item-icon"
                      d="M7,0,8.273,1.273,2.545,7l5.727,5.727L7,14,0,7Z"
                      transform="translate(19 8) rotate(90)"
                    />
                  </svg>
                </div>
              </div>
            </div>
            <div>
              <div>
                <div
                  class="h-9"
                >
                  <label
                    class="flex flex-row items-center checkbox-button"
                  >
                    <input
                      checked=""
                      class="checkbox"
                      data-test-id="departments-checkbox-0"
                      data-testid="departments-checkbox-0"
                      id="departments[0]_0"
                      name="departments[0]"
                      type="checkbox"
                    />
                    <span
                      class="checkbox-control"
                    >
                      <div
                        class=""
                      >
                        <svg
                          class="icon-medium "
                          height="24"
                          viewBox="0 0 24 24"
                          width="24"
                          xmlns="http://www.w3.org/2000/svg"
                        >
                          <rect
                            fill="none"
                            height="24"
                            width="24"
                          />
                          <path
                            class="svg-checkbox"
                            d="M16,18H2a2,2,0,0,1-2-2V2A2,2,0,0,1,2,0H16a2,2,0,0,1,2,2V16A2,2,0,0,1,16,18ZM3.41,7.59h0L2,9l5,5,9-9L14.59,3.58,7,11.17,3.41,7.59Z"
                          />
                        </svg>
                      </div>
                    </span>
                    <div
                      class="truncate relative w-full h-full inline-block"
                    >
                      <span
                        class="w-60 w-60"
                      >
                        common.all
                      </span>
                    </div>
                  </label>
                </div>
              </div>
            </div>
          </div>
          <div>
            <div
              class="cursor-pointer flex flex-row justify-between items-center h-12"
            >
              <div
                class="subtitle"
              >
                users.filters.job_title
              </div>
              <div>
                <div
                  class=""
                >
                  <svg
                    class="cursor-pointer "
                    height="24"
                    viewBox="0 0 24 24"
                    width="24"
                    xmlns="http://www.w3.org/2000/svg"
                  >
                    <rect
                      fill="none"
                      height="24"
                      width="24"
                    />
                    <path
                      class="active-item-icon"
                      d="M7,0,8.273,1.273,2.545,7l5.727,5.727L7,14,0,7Z"
                      transform="translate(19 8) rotate(90)"
                    />
                  </svg>
                </div>
              </div>
            </div>
            <div>
              <div>
                <div
                  class="h-9"
                >
                  <label
                    class="flex flex-row items-center checkbox-button"
                  >
                    <input
                      checked=""
                      class="checkbox"
                      data-test-id="titles-checkbox-0"
                      data-testid="titles-checkbox-0"
                      id="titles[0]_0"
                      name="titles[0]"
                      type="checkbox"
                    />
                    <span
                      class="checkbox-control"
                    >
                      <div
                        class=""
                      >
                        <svg
                          class="icon-medium "
                          height="24"
                          viewBox="0 0 24 24"
                          width="24"
                          xmlns="http://www.w3.org/2000/svg"
                        >
                          <rect
                            fill="none"
                            height="24"
                            width="24"
                          />
                          <path
                            class="svg-checkbox"
                            d="M16,18H2a2,2,0,0,1-2-2V2A2,2,0,0,1,2,0H16a2,2,0,0,1,2,2V16A2,2,0,0,1,16,18ZM3.41,7.59h0L2,9l5,5,9-9L14.59,3.58,7,11.17,3.41,7.59Z"
                          />
                        </svg>
                      </div>
                    </span>
                    <div
                      class="truncate relative w-full h-full inline-block"
                    >
                      <span
                        class="w-60 w-60"
                      >
                        common.all
                      </span>
                    </div>
                  </label>
                </div>
              </div>
            </div>
          </div>
        </form>
      </div>
    </div>
    <div
      class="p-6 w-full flex flex-col flex-grow"
    >
      <h5
        class="pb-4"
      >
        navigation.users_bulk
      </h5>
      <div
        class="w-full flex flex-col relative"
      >
        <span
          class="caption-caps"
        >
          common.step_x_of_x
        </span>
        <div
          class="w-full h-1 stepper my-2"
        >
          <div
            class="h-full step"
            style="width: 25%;"
          />
        </div>
      </div>
      <div
        class="pt-4 flex flex-col bulk-description"
      >
        <h6>
          <span
            class="emphasized pr-2"
          >
             users.bulk_section.step_x
          </span>
          users.bulk_section.step_1_title
        </h6>
        <div
          class="body2 pt-4 w-10/12"
        >
          <div>
            users.bulk_section.step_1_description
          </div>
        </div>
      </div>
      <div
        class="flex justify-end items-baseline pb-3 h-14"
      >
        <div
          class="flex items-baseline mr-24"
        >
          <div
            class="body2 pr-3"
          >
            users.bulk_section.rows_per_page
          </div>
          <div
            class="w-20"
          >
            <div
              class="select-wrapper relative w-full flex flex-col h-20 "
            >
              <div
                class="select relative flex flex-col "
              >
                <input
                  autocomplete="on"
                  autocorrect="on"
                  class="pl-4 pr-8 body2 pt-2.5 h-10 relative truncate select-trigger activated  "
                  spellcheck="true"
                  type="text"
                  value="25"
                />
                <div
                  class="absolute pt-3 right-4 "
                >
                  <div
                    class="flex flex-row items-start"
                  >
                    <div
                      class="cursor-pointer"
                    >
                      <div
                        class=""
                      >
                        <svg
                          class="icon-medium "
                          height="24"
                          viewBox="0 0 24 24"
                          width="24"
                          xmlns="http://www.w3.org/2000/svg"
                        >
                          <rect
                            fill="none"
                            height="24"
                            width="24"
                          />
                          <path
                            class="select-arrow-fill"
                            d="M7,14l1.273-1.273L2.545,7,8.273,1.273,7,0,0,7Z"
                            transform="translate(5 16.273) rotate(-90)"
                          />
                        </svg>
                      </div>
                    </div>
                  </div>
                </div>
                <div
                  class="absolute py-2 options"
                >
                  <div
                    class="w-full select-cell justify-between flex items-center  body2   cursor-pointer  "
                  >
                    <div
                      class="flex flex-col justify-center w-full"
                      data-test-id="select-cell-icon-content"
                    >
                      <div
                        class="flex items-center pl-4"
                        data-test-id="select-cell-text-5"
                        data-testid="select-cell-text-5"
                      >
                        5
                      </div>
                    </div>
                  </div>
                  <div
                    class="w-full select-cell justify-between flex items-center  body2   cursor-pointer  "
                  >
                    <div
                      class="flex flex-col justify-center w-full"
                      data-test-id="select-cell-icon-content"
                    >
                      <div
                        class="flex items-center pl-4"
                        data-test-id="select-cell-text-10"
                        data-testid="select-cell-text-10"
                      >
                        10
                      </div>
                    </div>
                  </div>
                  <div
                    class="w-full select-cell justify-between flex items-center  body2-white   is-selected  "
                  >
                    <div
                      class="flex flex-col justify-center w-full"
                      data-test-id="select-cell-icon-content"
                    >
                      <div
                        class="flex items-center pl-4"
                        data-test-id="select-cell-text-25"
                        data-testid="select-cell-text-25"
                      >
                        25
                      </div>
                    </div>
                  </div>
                  <div
                    class="w-full select-cell justify-between flex items-center  body2   cursor-pointer  "
                  >
                    <div
                      class="flex flex-col justify-center w-full"
                      data-test-id="select-cell-icon-content"
                    >
                      <div
                        class="flex items-center pl-4"
                        data-test-id="select-cell-text-50"
                        data-testid="select-cell-text-50"
                      >
                        50
                      </div>
                    </div>
                  </div>
                  <div
                    class="w-full select-cell justify-between flex items-center  body2   cursor-pointer  "
                  >
                    <div
                      class="flex flex-col justify-center w-full"
                      data-test-id="select-cell-icon-content"
                    >
                      <div
                        class="flex items-center pl-4"
                        data-test-id="select-cell-text-100"
                        data-testid="select-cell-text-100"
                      >
                        100
                      </div>
                    </div>
                  </div>
                </div>
              </div>
            </div>
          </div>
        </div>
        <div
          class="w-72"
        >
          <div
            class="flex flex-row items-center"
          >
            <div
              class="pr-8 text-sm text-gray-400"
            >
              <span>
                tickets.pagination
              </span>
            </div>
            <div
              class=""
            >
              <svg
                class="cursor-pointer "
                height="24"
                viewBox="0 0 24 24"
                width="24"
                xmlns="http://www.w3.org/2000/svg"
              >
                <rect
                  fill="none"
                  height="24"
                  transform="translate(0 24) rotate(-90)"
                  width="24"
                />
                <path
                  class="pagination-inactive-icon"
                  d="M7,0,8.273,1.273,2.545,7l5.727,5.727L7,14,0,7Z"
                  transform="translate(8 5)"
                />
              </svg>
            </div>
            <input
              class="ml-4 mr-4 text-center border rounded-md w-11"
              type="text"
              value="1"
            />
            <div
              class=""
            >
              <svg
                class="cursor-pointer "
                data-testid="next-page"
                height="24"
                viewBox="0 0 24 24"
                width="24"
                xmlns="http://www.w3.org/2000/svg"
              >
                <rect
                  fill="none"
                  height="24"
                  transform="translate(0 24) rotate(-90)"
                  width="24"
                />
                <path
                  class="pagination-inactive-icon"
                  d="M7,0,8.273,1.273,2.545,7l5.727,5.727L7,14,0,7Z"
                  transform="translate(16.272 19) rotate(180)"
                />
              </svg>
            </div>
          </div>
        </div>
      </div>
      <div
        class="h-14"
      >
        <div
          class="flex h-14 px-4 border-t border-b"
        >
          <div
            class="md:w-1/6 truncate"
          >
            <div
              class="h-9 pt-4"
            >
              <label
                class="flex flex-row items-center checkbox-button"
              >
                <input
                  class="checkbox"
                  data-testid="bulk-check-all"
                  id="bulk-check-all_"
                  name="bulk-check-all"
                  type="checkbox"
                />
                <span
                  class="checkbox-control"
                >
                  <div
                    class=""
                  >
                    <svg
                      class="icon-medium "
                      height="24"
                      viewBox="0 0 24 24"
                      width="24"
                      xmlns="http://www.w3.org/2000/svg"
                    >
                      <rect
                        fill="none"
                        height="24"
                        width="24"
                      />
                      <path
                        class="svg-checkbox"
                        d="M16,18H2a2,2,0,0,1-2-2V2A2,2,0,0,1,2,0H16a2,2,0,0,1,2,2V16A2,2,0,0,1,16,18ZM3.41,7.59h0L2,9l5,5,9-9L14.59,3.58,7,11.17,3.41,7.59Z"
                      />
                    </svg>
                  </div>
                </span>
                <div
                  class="truncate relative w-full h-full inline-block"
                >
                  <span
                    class="w-60 w-60"
                  >
                    users.bulk_section.x_users_selected_singular
                  </span>
                </div>
              </label>
            </div>
          </div>
          <div
            class="md:w-1/6 border-r border-l"
          >
            <div
              class="relative h-10 w-full search-input-field flex items-center relative h-full w-1/6"
            >
              <div
                class="absolute pl-4"
              >
                <div
                  class=""
                >
                  <svg
                    class="cursor-pointer icon-small "
                    height="16"
                    viewBox="0 0 16 16"
                    width="16"
                    xmlns="http://www.w3.org/2000/svg"
                  >
                    <rect
                      fill="none"
                      height="16"
                      width="16"
                    />
                    <path
                      class="search-icon-fill"
                      d="M12.7,11.23a6.777,6.777,0,0,0,1.4-4.174A7.02,7.02,0,0,0,7.1,0,7.105,7.105,0,0,0,0,7.056a7.105,7.105,0,0,0,7.1,7.056,6.667,6.667,0,0,0,4.2-1.391l3,2.981a.971.971,0,0,0,1.4,0,.957.957,0,0,0,0-1.391Zm-5.6.8A5.022,5.022,0,0,1,2,7.056a5.1,5.1,0,0,1,10.2,0A5.022,5.022,0,0,1,7.1,12.025Z"
                    />
                  </svg>
                </div>
              </div>
              <input
                autocomplete="off"
                class="py-2.5 h-full w-full search-input-field body2 pl-12"
                data-testid="search"
                placeholder="users.search"
                type="text"
                value=""
              />
            </div>
          </div>
          <div
            class="flex items-center pl-6 body2"
          >
            <div
              class="relative"
            >
              <div
                class=""
              >
                <svg
                  class="icon-medium cursor-pointer mr-4 "
                  height="24"
                  viewBox="0 0 24 24"
                  width="24"
                  xmlns="http://www.w3.org/2000/svg"
                >
                  <rect
                    fill="none"
                    height="24"
                    width="24"
                  />
                  <path
                    class="filter-icon"
                    d="M10,18h4V16H10ZM3,6V8H21V6Zm3,7H18V11H6Z"
                  />
                </svg>
              </div>
            </div>
            common.filters
          </div>
        </div>
      </div>
      <div
        class="w-full overflow-y-auto relative"
      >
        <div
          class="bulk-user-grid col-template-step-1 head-row caption-caps h-12 px-4"
        >
          <div />
          <div
            class="truncate"
          >
            users.bulk_section.name
          </div>
          <div
            class="truncate"
          >
            users.bulk_section.department
          </div>
          <div
            class="truncate"
          >
            users.bulk_section.job_title
          </div>
        </div>
      </div>
      <div
        class="flex pt-7"
      >
        <button
          class="secondary-medium-button mr-8"
          data-testid="deselect"
          type="button"
        >
          <div
            class="flex flex-row justify-center items-center space-x-2"
          >
            <div>
              users.bulk_section.deselect_all
            </div>
          </div>
        </button>
        <button
          class="medium-button"
          data-testid="continue"
          type="button"
        >
          <div
            class="flex flex-row justify-center items-center space-x-2"
          >
            <div>
              common.continue
            </div>
          </div>
        </button>
      </div>
    </div>
  </div>
</DocumentFragment>
`;
